{
  "Word": "expected",
  "Phonetics": [
    "H0 K S P EH1 K T AH0 D",
    "IH0 K S P EH1 K T IH0 D"
  ]
}